<?xml version="1.0" encoding="UTF-8"?>
<dataset>
	<prodottocarrello idcarrello="1" idprodottoc="1"/>
	<prodottocarrello idcarrello="2" idprodottoc="1"/>
</dataset>