<?xml version="1.0" encoding="UTF-8"?>
<dataset>
  <Carta idcarta="1" proprietario="Donnarumma Salvatore" numero_carta="1111-2222-3333-4444" data_scadenza="03/2028"/>
  <Carta idcarta="2" proprietario="Giorno Giovanna" numero_carta="1111-2222-3333-4444" data_scadenza="05/2029"/>
</dataset>